ASxxxx Linker V03.00 + NoICE + sdld,  page 1.
Hexadecimal  [32-Bits]

Area                                    Addr        Size        Decimal Bytes (Attributes)
--------------------------------        ----        ----        ------- ----- ------------
.  .ABS.                            00000000    00000000 =           0. bytes (ABS,CON)

      Value  Global                              Global Defined In Module
      -----  --------------------------------   ------------------------
     00000000  .__.ABS.                           SMSlib_PSGaiden
     00000000  l__BSEG                         
     00000000  l__BSS                          
     00000000  l__CABS                         
     00000000  l__DABS                         
     00000000  l__HEADER                       
     00000000  l__HEAP                         
     00000000  l__HOME                         
     00000000  s__CABS                         
     00000000  s__CABS0                        
     00000000  s__CABS1                        
     00000000  s__CABS2                        
     00000000  s__CABS3                        
     00000000  s__CABS4                        
     00000000  s__DABS                         
     00000000  s__HEADER                       
     00000000  s__HEADER0                      
     00000000  s__HEADER1                      
     00000000  s__HEADER2                      
     00000000  s__HEADER3                      
     00000000  s__HEADER4                      
     00000000  s__HEADER5                      
     00000001  l__GSFINAL                      
     00000003  l__HEADER3                      
     00000003  l__HEADER4                      
     00000006  l__HEADER0                      
     00000009  l__HEADER1                      
     0000000A  l__CABS2                        
     0000000A  l__HEADER2                      
     0000000E  l__CABS1                        
     0000000F  l__GSINIT                       
     00000010  l__CABS0                        
     00000010  l__CABS4                        
     0000003C  l__CABS3                        
     000000BE  G$VDPDataPort$0$0                  asm_manager
     000000BF  G$VDPControlPort$0$0               asm_manager
     000000C8  l__INITIALIZED                  
     000000C8  l__INITIALIZER                  
     0000012A  l__HEADER5                      
     00000149  l__DATA                         
     00000200  s__CODE                         
     00000880  l__BANK2                        
     00000F53  l__BANK8                        
     00001261  l__BANK5                        
     0000190A  l__BANK11                       
     00001BD0  l__BANK6                        
     00001C3A  l__BANK14                       
     00001E61  l__BANK4                        
     00001F9F  l__CODE                         
     000020C6  l__BANK63                       
ASxxxx Linker V03.00 + NoICE + sdld,  page 2.
Hexadecimal  [32-Bits]

Area                                    Addr        Size        Decimal Bytes (Attributes)
--------------------------------        ----        ----        ------- ----- ------------
.  .ABS.                            00000000    00000000 =           0. bytes (ABS,CON)

      Value  Global                              Global Defined In Module
      -----  --------------------------------   ------------------------
     00002145  l__BANK9                        
     0000219F  s__HOME                         
     0000219F  s__INITIALIZER                  
     00002267  s__GSINIT                       
     00002276  s__GSFINAL                      
     00002444  l__BANK23                       
     000024E4  l__BANK10                       
     000024FF  l__BANK35                       
     00002508  l__BANK15                       
     00002587  l__BANK3                        
     0000264E  l__BANK13                       
     00002DD2  l__BANK16                       
     00002ED8  l__BANK7                        
     00003021  l__BANK12                       
     00003140  l__BANK52                       
     000031CC  l__BANK19                       
     0000325C  l__BANK18                       
     000032FD  l__BANK36                       
     000032FE  l__BANK38                       
     0000335D  l__BANK39                       
     000033BF  l__BANK37                       
     000033C8  l__BANK34                       
     00003509  l__BANK62                       
     00003513  l__BANK17                       
     00003569  l__BANK53                       
     000035E3  l__BANK43                       
     00003628  l__BANK60                       
     00003685  l__BANK27                       
     000036C6  l__BANK20                       
     00003712  l__BANK46                       
     00003742  l__BANK55                       
     00003769  l__BANK58                       
     0000384B  l__BANK54                       
     00003870  l__BANK47                       
     000038BE  l__BANK49                       
     000038DA  l__BANK61                       
     000038ED  l__BANK56                       
     00003916  l__BANK57                       
     00003936  l__BANK31                       
     0000393A  l__BANK44                       
     0000394F  l__BANK42                       
     00003957  l__BANK48                       
     0000397A  l__BANK25                       
     000039FE  l__BANK59                       
     00003A64  l__BANK41                       
     00003AE8  l__BANK26                       
     00003B0E  l__BANK51                       
     00003B1A  l__BANK40                       
     00003B78  l__BANK45                       
     00003BC1  l__BANK22                       
     00003C36  l__BANK30                       
ASxxxx Linker V03.00 + NoICE + sdld,  page 3.
Hexadecimal  [32-Bits]

Area                                    Addr        Size        Decimal Bytes (Attributes)
--------------------------------        ----        ----        ------- ----- ------------
.  .ABS.                            00000000    00000000 =           0. bytes (ABS,CON)

      Value  Global                              Global Defined In Module
      -----  --------------------------------   ------------------------
     00003C40  l__BANK32                       
     00003C86  l__BANK21                       
     00003D4C  l__BANK50                       
     00003DDA  l__BANK29                       
     00003ECA  l__BANK33                       
     00003ED1  l__BANK24                       
     00003FB5  l__BANK28                       
     00008000  G$SMS_SRAM$0$0                     _sms_manager
     00008000  _SMS_SRAM                          SMSlib_PSGaiden
     00008000  s__BANK10                       
     00008000  s__BANK11                       
     00008000  s__BANK12                       
     00008000  s__BANK13                       
     00008000  s__BANK14                       
     00008000  s__BANK15                       
     00008000  s__BANK16                       
     00008000  s__BANK17                       
     00008000  s__BANK18                       
     00008000  s__BANK19                       
     00008000  s__BANK2                        
     00008000  s__BANK20                       
     00008000  s__BANK21                       
     00008000  s__BANK22                       
     00008000  s__BANK23                       
     00008000  s__BANK24                       
     00008000  s__BANK25                       
     00008000  s__BANK26                       
     00008000  s__BANK27                       
     00008000  s__BANK28                       
     00008000  s__BANK29                       
     00008000  s__BANK3                        
     00008000  s__BANK30                       
     00008000  s__BANK31                       
     00008000  s__BANK32                       
     00008000  s__BANK33                       
     00008000  s__BANK34                       
     00008000  s__BANK35                       
     00008000  s__BANK36                       
     00008000  s__BANK37                       
     00008000  s__BANK38                       
     00008000  s__BANK39                       
     00008000  s__BANK4                        
     00008000  s__BANK40                       
     00008000  s__BANK41                       
     00008000  s__BANK42                       
     00008000  s__BANK43                       
     00008000  s__BANK44                       
     00008000  s__BANK45                       
     00008000  s__BANK46                       
     00008000  s__BANK47                       
     00008000  s__BANK48                       
ASxxxx Linker V03.00 + NoICE + sdld,  page 4.
Hexadecimal  [32-Bits]

Area                                    Addr        Size        Decimal Bytes (Attributes)
--------------------------------        ----        ----        ------- ----- ------------
.  .ABS.                            00000000    00000000 =           0. bytes (ABS,CON)

      Value  Global                              Global Defined In Module
      -----  --------------------------------   ------------------------
     00008000  s__BANK49                       
     00008000  s__BANK5                        
     00008000  s__BANK50                       
     00008000  s__BANK51                       
     00008000  s__BANK52                       
     00008000  s__BANK53                       
     00008000  s__BANK54                       
     00008000  s__BANK55                       
     00008000  s__BANK56                       
     00008000  s__BANK57                       
     00008000  s__BANK58                       
     00008000  s__BANK59                       
     00008000  s__BANK6                        
     00008000  s__BANK60                       
     00008000  s__BANK61                       
     00008000  s__BANK62                       
     00008000  s__BANK63                       
     00008000  s__BANK7                        
     00008000  s__BANK8                        
     00008000  s__BANK9                        
     0000C000  s__DATA                         
     0000C149  s__INITIALIZED                  
     0000C211  s__BSEG                         
     0000C211  s__BSS                          
     0000C211  s__HEAP                         
     0000FFFC  G$SRAM_bank_to_be_mapped_on_slot   _sms_manager
     0000FFFC  _SRAM_bank_to_be_mapped_on_slot2   SMSlib_PSGaiden
     0000FFFF  G$ROM_bank_to_be_mapped_on_slot2   _sms_manager
     0000FFFF  _ROM_bank_to_be_mapped_on_slot2    SMSlib_PSGaiden

ASxxxx Linker V03.00 + NoICE + sdld,  page 5.
Hexadecimal  [32-Bits]

Area                                    Addr        Size        Decimal Bytes (Attributes)
--------------------------------        ----        ----        ------- ----- ------------
_CODE                               00000200    00001F9F =        8095. bytes (REL,CON)

      Value  Global                              Global Defined In Module
      -----  --------------------------------   ------------------------
     00000200  __clock                            crt0
     00000204  _exit                              crt0
     0000020A  A$main$85                          main
     0000020A  C$main.c$3$0$0                     main
     0000020A  C$main.c$9$1$56                    main
     0000020A  G$main$0$0                         main
     0000020A  _main                              main
     0000020D  A$main$89                          main
     0000020D  C$main.c$10$1$56                   main
     00000210  A$main$93                          main
     00000210  C$main.c$11$1$56                   main
     00000213  A$main$97                          main
     00000213  C$main.c$13$1$56                   main
     00000216  A$main$98                          main
     00000217  A$main$99                          main
     00000218  A$main$100                         main
     00000219  A$main$101                         main
     0000021C  A$main$102                         main
     0000021D  A$main$106                         main
     0000021D  C$main.c$14$1$56                   main
     00000220  A$main$110                         main
     00000220  C$main.c$15$1$56                   main
     00000223  A$main$111                         main
     00000224  A$main$112                         main
     00000227  A$main$113                         main
     00000228  A$main$117                         main
     00000228  C$main.c$17$1$56                   main
     0000022B  A$main$121                         main
     0000022B  C$main.c$18$1$56                   main
     0000022E  A$main$125                         main
     0000022E  C$main.c$19$1$56                   main
     00000231  A$main$129                         main
     00000231  C$main.c$20$1$56                   main
     00000234  A$main$133                         main
     00000234  C$main.c$26$1$56                   main
     00000237  A$main$137                         main
     00000237  C$main.c$27$1$56                   main
     00000239  A$main$138                         main
     0000023A  A$main$139                         main
     0000023B  A$main$140                         main
     0000023E  A$main$141                         main
     0000023F  A$main$145                         main
     0000023F  C$main.c$28$1$56                   main
     00000242  A$main$150                         main
     00000242  C$main.c$31$3$58                   main
     00000245  A$main$151                         main
     00000246  A$main$152                         main
     00000247  A$main$153                         main
     00000249  A$main$157                         main
     00000249  C$main.c$33$4$59                   main
ASxxxx Linker V03.00 + NoICE + sdld,  page 6.
Hexadecimal  [32-Bits]

Area                                    Addr        Size        Decimal Bytes (Attributes)
--------------------------------        ----        ----        ------- ----- ------------
_CODE                               00000200    00001F9F =        8095. bytes (REL,CON)

      Value  Global                              Global Defined In Module
      -----  --------------------------------   ------------------------
     0000024C  A$main$161                         main
     0000024C  C$main.c$34$4$59                   main
     00000250  A$main$162                         main
     00000253  A$main$163                         main
     00000255  A$main$164                         main
     00000258  A$main$168                         main
     00000258  C$main.c$35$4$59                   main
     0000025C  A$main$169                         main
     0000025E  A$main$173                         main
     0000025E  C$main.c$37$5$60                   main
     00000261  A$main$174                         main
     00000263  A$main$179                         main
     00000263  C$main.c$41$5$61                   main
     00000266  A$main$184                         main
     00000266  C$main.c$45$3$58                   main
     00000269  A$main$185                         main
     0000026B  A$main$186                         main
     0000026D  A$main$190                         main
     0000026D  C$main.c$50$3$58                   main
     00000270  A$main$194                         main
     00000270  C$main.c$51$3$58                   main
     00000273  A$main$198                         main
     00000273  C$main.c$52$3$58                   main
     00000276  A$main$202                         main
     00000276  C$main.c$54$3$58                   main
     00000279  A$main$206                         main
     00000279  C$main.c$55$3$58                   main
     0000027C  A$main$210                         main
     0000027C  C$main.c$56$3$58                   main
     0000027F  A$main$214                         main
     0000027F  C$main.c$58$3$58                   main
     00000282  A$main$218                         main
     00000282  C$main.c$59$3$58                   main
     00000285  A$main$223                         main
     00000285  C$main.c$61$2$57                   main
     00000285  XG$main$0$0                        main
     00000287  _PSGStop                           PSGlib
     000002AE  _PSGResume                         PSGlib
     000002FA  _PSGPlay                           PSGlib
     00000327  _PSGCancelLoop                     PSGlib
     0000032D  _PSGPlayNoRepeat                   PSGlib
     0000033C  _PSGGetStatus                      PSGlib
     00000344  _PSGSilenceChannels                PSGlib
     00000355  _PSGRestoreVolumes                 PSGlib
     00000454  _PSGSetMusicVolumeAttenuation      PSGlib
     00000543  _PSGSFXStop                        PSGlib
     0000060D  _PSGSFXPlay                        PSGlib
     0000065A  _PSGSFXCancelLoop                  PSGlib
     00000660  _PSGSFXGetStatus                   PSGlib
     00000668  _PSGSFXPlayLoop                    PSGlib
     00000689  _PSGFrame                          PSGlib
ASxxxx Linker V03.00 + NoICE + sdld,  page 7.
Hexadecimal  [32-Bits]

Area                                    Addr        Size        Decimal Bytes (Attributes)
--------------------------------        ----        ----        ------- ----- ------------
_CODE                               00000200    00001F9F =        8095. bytes (REL,CON)

      Value  Global                              Global Defined In Module
      -----  --------------------------------   ------------------------
     000007A2  _PSGSFXFrame                       PSGlib
     00000828  A$_sms_manager$132                 _sms_manager
     00000828  C$_sms_manager.c$11$0$0            _sms_manager
     00000828  C$_sms_manager.c$13$1$74           _sms_manager
     00000828  C$_sms_manager.c$14$1$74           _sms_manager
     00000828  G$devkit_SMS_init$0$0              _sms_manager
     00000828  XG$devkit_SMS_init$0$0             _sms_manager
     00000828  _devkit_SMS_init                   _sms_manager
     0000082B  A$_sms_manager$145                 _sms_manager
     0000082B  C$_sms_manager.c$15$1$74           _sms_manager
     0000082B  C$_sms_manager.c$17$1$75           _sms_manager
     0000082B  G$devkit_SMS_displayOn$0$0         _sms_manager
     0000082B  _devkit_SMS_displayOn              _sms_manager
     0000082E  A$_sms_manager$150                 _sms_manager
     0000082E  C$_sms_manager.c$18$1$75           _sms_manager
     0000082E  XG$devkit_SMS_displayOn$0$0        _sms_manager
     00000831  A$_sms_manager$163                 _sms_manager
     00000831  C$_sms_manager.c$19$1$75           _sms_manager
     00000831  C$_sms_manager.c$21$1$76           _sms_manager
     00000831  G$devkit_SMS_displayOff$0$0        _sms_manager
     00000831  _devkit_SMS_displayOff             _sms_manager
     00000834  A$_sms_manager$168                 _sms_manager
     00000834  C$_sms_manager.c$22$1$76           _sms_manager
     00000834  XG$devkit_SMS_displayOff$0$0       _sms_manager
     00000837  A$_sms_manager$181                 _sms_manager
     00000837  C$_sms_manager.c$23$1$76           _sms_manager
     00000837  C$_sms_manager.c$25$1$78           _sms_manager
     00000837  G$devkit_SMS_mapROMBank$0$0        _sms_manager
     00000837  _devkit_SMS_mapROMBank             _sms_manager
     0000083A  A$_sms_manager$182                 _sms_manager
     0000083B  A$_sms_manager$183                 _sms_manager
     0000083C  A$_sms_manager$184                 _sms_manager
     0000083F  A$_sms_manager$189                 _sms_manager
     0000083F  C$_sms_manager.c$26$1$78           _sms_manager
     0000083F  XG$devkit_SMS_mapROMBank$0$0       _sms_manager
     00000840  A$_sms_manager$202                 _sms_manager
     00000840  C$_sms_manager.c$28$1$78           _sms_manager
     00000840  C$_sms_manager.c$30$1$80           _sms_manager
     00000840  G$devkit_SMS_setBGScrollX$0$0      _sms_manager
     00000840  _devkit_SMS_setBGScrollX           _sms_manager
     00000844  A$_sms_manager$203                 _sms_manager
     00000846  A$_sms_manager$204                 _sms_manager
     00000849  A$_sms_manager$209                 _sms_manager
     00000849  C$_sms_manager.c$31$1$80           _sms_manager
     00000849  XG$devkit_SMS_setBGScrollX$0$0     _sms_manager
     0000084C  A$_sms_manager$222                 _sms_manager
     0000084C  C$_sms_manager.c$32$1$80           _sms_manager
     0000084C  C$_sms_manager.c$34$1$82           _sms_manager
     0000084C  G$devkit_SMS_setBGScrollY$0$0      _sms_manager
     0000084C  _devkit_SMS_setBGScrollY           _sms_manager
     00000850  A$_sms_manager$223                 _sms_manager
ASxxxx Linker V03.00 + NoICE + sdld,  page 8.
Hexadecimal  [32-Bits]

Area                                    Addr        Size        Decimal Bytes (Attributes)
--------------------------------        ----        ----        ------- ----- ------------
_CODE                               00000200    00001F9F =        8095. bytes (REL,CON)

      Value  Global                              Global Defined In Module
      -----  --------------------------------   ------------------------
     00000852  A$_sms_manager$224                 _sms_manager
     00000855  A$_sms_manager$229                 _sms_manager
     00000855  C$_sms_manager.c$35$1$82           _sms_manager
     00000855  XG$devkit_SMS_setBGScrollY$0$0     _sms_manager
     00000858  A$_sms_manager$242                 _sms_manager
     00000858  C$_sms_manager.c$37$1$82           _sms_manager
     00000858  C$_sms_manager.c$39$1$83           _sms_manager
     00000858  G$devkit_SMS_enableSRAM$0$0        _sms_manager
     00000858  _devkit_SMS_enableSRAM             _sms_manager
     0000085B  A$_sms_manager$243                 _sms_manager
     0000085D  A$_sms_manager$248                 _sms_manager
     0000085D  C$_sms_manager.c$40$1$83           _sms_manager
     0000085D  XG$devkit_SMS_enableSRAM$0$0       _sms_manager
     0000085E  A$_sms_manager$261                 _sms_manager
     0000085E  C$_sms_manager.c$41$1$83           _sms_manager
     0000085E  C$_sms_manager.c$43$1$85           _sms_manager
     0000085E  G$devkit_SMS_enableSRAMBank$0$0    _sms_manager
     0000085E  _devkit_SMS_enableSRAMBank         _sms_manager
     00000861  A$_sms_manager$262                 _sms_manager
     00000862  A$_sms_manager$263                 _sms_manager
     00000863  A$_sms_manager$264                 _sms_manager
     00000864  A$_sms_manager$265                 _sms_manager
     00000865  A$_sms_manager$266                 _sms_manager
     00000867  A$_sms_manager$267                 _sms_manager
     00000869  A$_sms_manager$268                 _sms_manager
     0000086C  A$_sms_manager$273                 _sms_manager
     0000086C  C$_sms_manager.c$44$1$85           _sms_manager
     0000086C  XG$devkit_SMS_enableSRAMBank$0$0   _sms_manager
     0000086D  A$_sms_manager$286                 _sms_manager
     0000086D  C$_sms_manager.c$45$1$85           _sms_manager
     0000086D  C$_sms_manager.c$47$1$86           _sms_manager
     0000086D  G$devkit_SMS_disableSRAM$0$0       _sms_manager
     0000086D  _devkit_SMS_disableSRAM            _sms_manager
     00000870  A$_sms_manager$287                 _sms_manager
     00000872  A$_sms_manager$292                 _sms_manager
     00000872  C$_sms_manager.c$48$1$86           _sms_manager
     00000872  XG$devkit_SMS_disableSRAM$0$0      _sms_manager
     00000873  A$_sms_manager$305                 _sms_manager
     00000873  C$_sms_manager.c$49$1$86           _sms_manager
     00000873  C$_sms_manager.c$51$1$87           _sms_manager
     00000873  G$devkit_SMS_SRAM$0$0              _sms_manager
     00000873  _devkit_SMS_SRAM                   _sms_manager
     00000876  A$_sms_manager$310                 _sms_manager
     00000876  C$_sms_manager.c$52$1$87           _sms_manager
     00000876  XG$devkit_SMS_SRAM$0$0             _sms_manager
     00000877  A$_sms_manager$323                 _sms_manager
     00000877  C$_sms_manager.c$55$1$87           _sms_manager
     00000877  C$_sms_manager.c$57$1$89           _sms_manager
     00000877  G$devkit_SMS_setSpriteMode$0$0     _sms_manager
     00000877  _devkit_SMS_setSpriteMode          _sms_manager
     0000087B  A$_sms_manager$324                 _sms_manager
ASxxxx Linker V03.00 + NoICE + sdld,  page 9.
Hexadecimal  [32-Bits]

Area                                    Addr        Size        Decimal Bytes (Attributes)
--------------------------------        ----        ----        ------- ----- ------------
_CODE                               00000200    00001F9F =        8095. bytes (REL,CON)

      Value  Global                              Global Defined In Module
      -----  --------------------------------   ------------------------
     0000087D  A$_sms_manager$325                 _sms_manager
     00000880  A$_sms_manager$330                 _sms_manager
     00000880  C$_sms_manager.c$58$1$89           _sms_manager
     00000880  XG$devkit_SMS_setSpriteMode$0$0    _sms_manager
     00000883  A$_sms_manager$343                 _sms_manager
     00000883  C$_sms_manager.c$59$1$89           _sms_manager
     00000883  C$_sms_manager.c$61$1$90           _sms_manager
     00000883  G$devkit_SMS_useFirstHalfTilesfo   _sms_manager
     00000883  _devkit_SMS_useFirstHalfTilesfor   _sms_manager
     00000885  A$_sms_manager$348                 _sms_manager
     00000885  C$_sms_manager.c$62$1$90           _sms_manager
     00000885  XG$devkit_SMS_useFirstHalfTilesf   _sms_manager
     00000888  A$_sms_manager$361                 _sms_manager
     00000888  C$_sms_manager.c$63$1$90           _sms_manager
     00000888  C$_sms_manager.c$65$1$91           _sms_manager
     00000888  G$devkit_SMS_useFirstHalfTilesfo   _sms_manager
     00000888  _devkit_SMS_useFirstHalfTilesfor   _sms_manager
     0000088A  A$_sms_manager$366                 _sms_manager
     0000088A  C$_sms_manager.c$66$1$91           _sms_manager
     0000088A  XG$devkit_SMS_useFirstHalfTilesf   _sms_manager
     0000088D  A$_sms_manager$379                 _sms_manager
     0000088D  C$_sms_manager.c$67$1$91           _sms_manager
     0000088D  C$_sms_manager.c$69$1$93           _sms_manager
     0000088D  G$devkit_SMS_VDPturnOnFeature$0$   _sms_manager
     0000088D  _devkit_SMS_VDPturnOnFeature       _sms_manager
     0000088E  A$_sms_manager$380                 _sms_manager
     0000088F  A$_sms_manager$381                 _sms_manager
     00000890  A$_sms_manager$382                 _sms_manager
     00000891  A$_sms_manager$387                 _sms_manager
     00000891  C$_sms_manager.c$70$1$93           _sms_manager
     00000891  XG$devkit_SMS_VDPturnOnFeature$0   _sms_manager
     00000894  A$_sms_manager$400                 _sms_manager
     00000894  C$_sms_manager.c$72$1$93           _sms_manager
     00000894  C$_sms_manager.c$74$1$95           _sms_manager
     00000894  G$devkit_SMS_loadPSGaidencompres   _sms_manager
     00000894  _devkit_SMS_loadPSGaidencompress   _sms_manager
     00000897  A$_sms_manager$401                 _sms_manager
     00000898  A$_sms_manager$402                 _sms_manager
     00000899  A$_sms_manager$403                 _sms_manager
     0000089A  A$_sms_manager$404                 _sms_manager
     0000089B  A$_sms_manager$405                 _sms_manager
     0000089C  A$_sms_manager$406                 _sms_manager
     0000089F  A$_sms_manager$407                 _sms_manager
     000008A0  A$_sms_manager$408                 _sms_manager
     000008A1  A$_sms_manager$409                 _sms_manager
     000008A2  A$_sms_manager$410                 _sms_manager
     000008A3  A$_sms_manager$411                 _sms_manager
     000008A4  A$_sms_manager$412                 _sms_manager
     000008A7  A$_sms_manager$413                 _sms_manager
     000008A8  A$_sms_manager$414                 _sms_manager
     000008A9  A$_sms_manager$419                 _sms_manager
ASxxxx Linker V03.00 + NoICE + sdld,  page 10.
Hexadecimal  [32-Bits]

Area                                    Addr        Size        Decimal Bytes (Attributes)
--------------------------------        ----        ----        ------- ----- ------------
_CODE                               00000200    00001F9F =        8095. bytes (REL,CON)

      Value  Global                              Global Defined In Module
      -----  --------------------------------   ------------------------
     000008A9  C$_sms_manager.c$75$1$95           _sms_manager
     000008A9  XG$devkit_SMS_loadPSGaidencompre   _sms_manager
     000008AA  A$_sms_manager$432                 _sms_manager
     000008AA  C$_sms_manager.c$76$1$95           _sms_manager
     000008AA  C$_sms_manager.c$78$1$97           _sms_manager
     000008AA  G$devkit_SMS_loadSTMcompressedTi   _sms_manager
     000008AA  _devkit_SMS_loadSTMcompressedTil   _sms_manager
     000008AC  A$_sms_manager$433                 _sms_manager
     000008AD  A$_sms_manager$434                 _sms_manager
     000008AE  A$_sms_manager$435                 _sms_manager
     000008B1  A$_sms_manager$436                 _sms_manager
     000008B2  A$_sms_manager$437                 _sms_manager
     000008B3  A$_sms_manager$438                 _sms_manager
     000008B4  A$_sms_manager$439                 _sms_manager
     000008B5  A$_sms_manager$440                 _sms_manager
     000008B6  A$_sms_manager$441                 _sms_manager
     000008B9  A$_sms_manager$442                 _sms_manager
     000008BA  A$_sms_manager$443                 _sms_manager
     000008BB  A$_sms_manager$444                 _sms_manager
     000008BC  A$_sms_manager$445                 _sms_manager
     000008BD  A$_sms_manager$446                 _sms_manager
     000008C0  A$_sms_manager$447                 _sms_manager
     000008C1  A$_sms_manager$448                 _sms_manager
     000008C2  A$_sms_manager$449                 _sms_manager
     000008C3  A$_sms_manager$450                 _sms_manager
     000008C4  A$_sms_manager$451                 _sms_manager
     000008C7  A$_sms_manager$452                 _sms_manager
     000008C8  A$_sms_manager$453                 _sms_manager
     000008C9  A$_sms_manager$454                 _sms_manager
     000008CA  A$_sms_manager$459                 _sms_manager
     000008CA  C$_sms_manager.c$79$1$97           _sms_manager
     000008CA  XG$devkit_SMS_loadSTMcompressedT   _sms_manager
     000008CB  A$_sms_manager$472                 _sms_manager
     000008CB  C$_sms_manager.c$81$1$97           _sms_manager
     000008CB  C$_sms_manager.c$83$1$99           _sms_manager
     000008CB  G$devkit_SMS_loadBGPalette$0$0     _sms_manager
     000008CB  _devkit_SMS_loadBGPalette          _sms_manager
     000008CC  A$_sms_manager$473                 _sms_manager
     000008CD  A$_sms_manager$474                 _sms_manager
     000008CE  A$_sms_manager$475                 _sms_manager
     000008CF  A$_sms_manager$480                 _sms_manager
     000008CF  C$_sms_manager.c$84$1$99           _sms_manager
     000008CF  XG$devkit_SMS_loadBGPalette$0$0    _sms_manager
     000008D2  A$_sms_manager$493                 _sms_manager
     000008D2  C$_sms_manager.c$85$1$99           _sms_manager
     000008D2  C$_sms_manager.c$87$1$101          _sms_manager
     000008D2  G$devkit_SMS_loadSpritePalette$0   _sms_manager
     000008D2  _devkit_SMS_loadSpritePalette      _sms_manager
     000008D3  A$_sms_manager$494                 _sms_manager
     000008D4  A$_sms_manager$495                 _sms_manager
     000008D5  A$_sms_manager$496                 _sms_manager
ASxxxx Linker V03.00 + NoICE + sdld,  page 11.
Hexadecimal  [32-Bits]

Area                                    Addr        Size        Decimal Bytes (Attributes)
--------------------------------        ----        ----        ------- ----- ------------
_CODE                               00000200    00001F9F =        8095. bytes (REL,CON)

      Value  Global                              Global Defined In Module
      -----  --------------------------------   ------------------------
     000008D6  A$_sms_manager$501                 _sms_manager
     000008D6  C$_sms_manager.c$88$1$101          _sms_manager
     000008D6  XG$devkit_SMS_loadSpritePalette$   _sms_manager
     000008D9  A$_sms_manager$514                 _sms_manager
     000008D9  C$_sms_manager.c$89$1$101          _sms_manager
     000008D9  C$_sms_manager.c$91$1$103          _sms_manager
     000008D9  G$devkit_SMS_setBGPaletteColor$0   _sms_manager
     000008D9  _devkit_SMS_setBGPaletteColor      _sms_manager
     000008DC  A$_sms_manager$515                 _sms_manager
     000008DD  A$_sms_manager$516                 _sms_manager
     000008DE  A$_sms_manager$517                 _sms_manager
     000008DF  A$_sms_manager$518                 _sms_manager
     000008E0  A$_sms_manager$519                 _sms_manager
     000008E3  A$_sms_manager$520                 _sms_manager
     000008E4  A$_sms_manager$521                 _sms_manager
     000008E5  A$_sms_manager$522                 _sms_manager
     000008E6  A$_sms_manager$523                 _sms_manager
     000008E9  A$_sms_manager$524                 _sms_manager
     000008EA  A$_sms_manager$525                 _sms_manager
     000008EB  A$_sms_manager$526                 _sms_manager
     000008EC  A$_sms_manager$527                 _sms_manager
     000008ED  A$_sms_manager$528                 _sms_manager
     000008EE  A$_sms_manager$529                 _sms_manager
     000008EF  A$_sms_manager$530                 _sms_manager
     000008F1  A$_sms_manager$531                 _sms_manager
     000008F2  A$_sms_manager$532                 _sms_manager
     000008F3  A$_sms_manager$536                 _sms_manager
     000008F3  C$_sms_manager.c$92$1$103          _sms_manager
     000008F4  A$_sms_manager$537                 _sms_manager
     000008F5  A$_sms_manager$538                 _sms_manager
     000008F8  A$_sms_manager$539                 _sms_manager
     000008F9  A$_sms_manager$540                 _sms_manager
     000008FA  A$_sms_manager$541                 _sms_manager
     000008FB  A$_sms_manager$542                 _sms_manager
     000008FC  A$_sms_manager$543                 _sms_manager
     000008FF  A$_sms_manager$544                 _sms_manager
     00000900  A$_sms_manager$549                 _sms_manager
     00000900  C$_sms_manager.c$93$1$103          _sms_manager
     00000900  XG$devkit_SMS_setBGPaletteColor$   _sms_manager
     00000901  A$_sms_manager$562                 _sms_manager
     00000901  C$_sms_manager.c$94$1$103          _sms_manager
     00000901  C$_sms_manager.c$96$1$105          _sms_manager
     00000901  G$devkit_SMS_setSpritePaletteCol   _sms_manager
     00000901  _devkit_SMS_setSpritePaletteColo   _sms_manager
     00000904  A$_sms_manager$563                 _sms_manager
     00000905  A$_sms_manager$564                 _sms_manager
     00000906  A$_sms_manager$565                 _sms_manager
     00000907  A$_sms_manager$566                 _sms_manager
     00000908  A$_sms_manager$567                 _sms_manager
     0000090B  A$_sms_manager$568                 _sms_manager
     0000090C  A$_sms_manager$569                 _sms_manager
ASxxxx Linker V03.00 + NoICE + sdld,  page 12.
Hexadecimal  [32-Bits]

Area                                    Addr        Size        Decimal Bytes (Attributes)
--------------------------------        ----        ----        ------- ----- ------------
_CODE                               00000200    00001F9F =        8095. bytes (REL,CON)

      Value  Global                              Global Defined In Module
      -----  --------------------------------   ------------------------
     0000090D  A$_sms_manager$570                 _sms_manager
     0000090E  A$_sms_manager$571                 _sms_manager
     00000911  A$_sms_manager$572                 _sms_manager
     00000912  A$_sms_manager$573                 _sms_manager
     00000913  A$_sms_manager$574                 _sms_manager
     00000914  A$_sms_manager$575                 _sms_manager
     00000915  A$_sms_manager$576                 _sms_manager
     00000916  A$_sms_manager$577                 _sms_manager
     00000917  A$_sms_manager$578                 _sms_manager
     00000919  A$_sms_manager$579                 _sms_manager
     0000091A  A$_sms_manager$580                 _sms_manager
     0000091B  A$_sms_manager$584                 _sms_manager
     0000091B  C$_sms_manager.c$97$1$105          _sms_manager
     0000091C  A$_sms_manager$585                 _sms_manager
     0000091D  A$_sms_manager$586                 _sms_manager
     00000920  A$_sms_manager$587                 _sms_manager
     00000921  A$_sms_manager$588                 _sms_manager
     00000922  A$_sms_manager$589                 _sms_manager
     00000923  A$_sms_manager$590                 _sms_manager
     00000924  A$_sms_manager$591                 _sms_manager
     00000927  A$_sms_manager$592                 _sms_manager
     00000928  A$_sms_manager$597                 _sms_manager
     00000928  C$_sms_manager.c$98$1$105          _sms_manager
     00000928  XG$devkit_SMS_setSpritePaletteCo   _sms_manager
     00000929  A$_sms_manager$607                 _sms_manager
     00000929  C$_sms_manager.c$100$1$105         _sms_manager
     00000929  G$devkit_SMS_setNextTileatXY$0$0   _sms_manager
     00000929  _devkit_SMS_setNextTileatXY        _sms_manager
     0000092B  A$_sms_manager$608                 _sms_manager
     0000092F  A$_sms_manager$609                 _sms_manager
     00000931  A$_sms_manager$613                 _sms_manager
     00000931  C$_sms_manager.c$102$1$107         _sms_manager
     00000934  A$_sms_manager$614                 _sms_manager
     00000936  A$_sms_manager$615                 _sms_manager
     00000937  A$_sms_manager$616                 _sms_manager
     00000938  A$_sms_manager$617                 _sms_manager
     00000939  A$_sms_manager$618                 _sms_manager
     0000093A  A$_sms_manager$619                 _sms_manager
     0000093B  A$_sms_manager$620                 _sms_manager
     0000093C  A$_sms_manager$621                 _sms_manager
     0000093D  A$_sms_manager$622                 _sms_manager
     0000093E  A$_sms_manager$623                 _sms_manager
     00000940  A$_sms_manager$624                 _sms_manager
     00000941  A$_sms_manager$625                 _sms_manager
     00000944  A$_sms_manager$626                 _sms_manager
     00000946  A$_sms_manager$627                 _sms_manager
     00000947  A$_sms_manager$628                 _sms_manager
     00000948  A$_sms_manager$629                 _sms_manager
     00000949  A$_sms_manager$630                 _sms_manager
     0000094A  A$_sms_manager$631                 _sms_manager
     0000094B  A$_sms_manager$632                 _sms_manager
ASxxxx Linker V03.00 + NoICE + sdld,  page 13.
Hexadecimal  [32-Bits]

Area                                    Addr        Size        Decimal Bytes (Attributes)
--------------------------------        ----        ----        ------- ----- ------------
_CODE                               00000200    00001F9F =        8095. bytes (REL,CON)

      Value  Global                              Global Defined In Module
      -----  --------------------------------   ------------------------
     0000094C  A$_sms_manager$633                 _sms_manager
     0000094D  A$_sms_manager$638                 _sms_manager
     0000094D  C$_sms_manager.c$103$1$107         _sms_manager
     0000094D  XG$devkit_SMS_setNextTileatXY$0$   _sms_manager
     0000094F  A$_sms_manager$639                 _sms_manager
     00000952  A$_sms_manager$652                 _sms_manager
     00000952  C$_sms_manager.c$104$1$107         _sms_manager
     00000952  C$_sms_manager.c$106$1$109         _sms_manager
     00000952  G$devkit_SMS_setTile$0$0           _sms_manager
     00000952  _devkit_SMS_setTile                _sms_manager
     00000953  A$_sms_manager$653                 _sms_manager
     00000954  A$_sms_manager$654                 _sms_manager
     00000955  A$_sms_manager$655                 _sms_manager
     00000956  A$_sms_manager$660                 _sms_manager
     00000956  C$_sms_manager.c$107$1$109         _sms_manager
     00000956  XG$devkit_SMS_setTile$0$0          _sms_manager
     00000959  A$_sms_manager$673                 _sms_manager
     00000959  C$_sms_manager.c$108$1$109         _sms_manager
     00000959  C$_sms_manager.c$110$1$111         _sms_manager
     00000959  G$devkit_SMS_setTilePriority$0$0   _sms_manager
     00000959  _devkit_SMS_setTilePriority        _sms_manager
     0000095D  A$_sms_manager$674                 _sms_manager
     0000095F  A$_sms_manager$675                 _sms_manager
     00000962  A$_sms_manager$676                 _sms_manager
     00000964  A$_sms_manager$677                 _sms_manager
     00000966  A$_sms_manager$678                 _sms_manager
     00000967  A$_sms_manager$683                 _sms_manager
     00000967  C$_sms_manager.c$111$1$111         _sms_manager
     00000967  XG$devkit_SMS_setTilePriority$0$   _sms_manager
     0000096A  A$_sms_manager$696                 _sms_manager
     0000096A  C$_sms_manager.c$113$1$111         _sms_manager
     0000096A  C$_sms_manager.c$115$1$113         _sms_manager
     0000096A  G$devkit_SMS_addSprite$0$0         _sms_manager
     0000096A  _devkit_SMS_addSprite              _sms_manager
     0000096D  A$_sms_manager$697                 _sms_manager
     0000096E  A$_sms_manager$698                 _sms_manager
     0000096F  A$_sms_manager$699                 _sms_manager
     00000970  A$_sms_manager$700                 _sms_manager
     00000971  A$_sms_manager$701                 _sms_manager
     00000974  A$_sms_manager$702                 _sms_manager
     00000975  A$_sms_manager$703                 _sms_manager
     00000976  A$_sms_manager$704                 _sms_manager
     00000977  A$_sms_manager$705                 _sms_manager
     00000978  A$_sms_manager$706                 _sms_manager
     0000097B  A$_sms_manager$707                 _sms_manager
     0000097C  A$_sms_manager$708                 _sms_manager
     0000097D  A$_sms_manager$709                 _sms_manager
     0000097E  A$_sms_manager$710                 _sms_manager
     0000097F  A$_sms_manager$711                 _sms_manager
     00000982  A$_sms_manager$712                 _sms_manager
     00000983  A$_sms_manager$713                 _sms_manager
ASxxxx Linker V03.00 + NoICE + sdld,  page 14.
Hexadecimal  [32-Bits]

Area                                    Addr        Size        Decimal Bytes (Attributes)
--------------------------------        ----        ----        ------- ----- ------------
_CODE                               00000200    00001F9F =        8095. bytes (REL,CON)

      Value  Global                              Global Defined In Module
      -----  --------------------------------   ------------------------
     00000984  A$_sms_manager$718                 _sms_manager
     00000984  C$_sms_manager.c$116$1$113         _sms_manager
     00000984  XG$devkit_SMS_addSprite$0$0        _sms_manager
     00000985  A$_sms_manager$735                 _sms_manager
     00000985  C$_sms_manager.c$117$1$113         _sms_manager
     00000985  C$_sms_manager.c$119$1$114         _sms_manager
     00000985  C$_sms_manager.c$120$1$114         _sms_manager
     00000985  G$devkit_SMS_initSprites$0$0       _sms_manager
     00000985  XG$devkit_SMS_initSprites$0$0      _sms_manager
     00000985  _devkit_SMS_initSprites            _sms_manager
     00000988  A$_sms_manager$752                 _sms_manager
     00000988  C$_sms_manager.c$121$1$114         _sms_manager
     00000988  C$_sms_manager.c$123$1$115         _sms_manager
     00000988  C$_sms_manager.c$124$1$115         _sms_manager
     00000988  G$devkit_SMS_finalizeSprites$0$0   _sms_manager
     00000988  XG$devkit_SMS_finalizeSprites$0$   _sms_manager
     00000988  _devkit_SMS_finalizeSprites        _sms_manager
     0000098B  A$_sms_manager$769                 _sms_manager
     0000098B  C$_sms_manager.c$125$1$115         _sms_manager
     0000098B  C$_sms_manager.c$127$1$116         _sms_manager
     0000098B  C$_sms_manager.c$128$1$116         _sms_manager
     0000098B  G$devkit_SMS_waitForVBlank$0$0     _sms_manager
     0000098B  XG$devkit_SMS_waitForVBlank$0$0    _sms_manager
     0000098B  _devkit_SMS_waitForVBlank          _sms_manager
     0000098E  A$_sms_manager$786                 _sms_manager
     0000098E  C$_sms_manager.c$129$1$116         _sms_manager
     0000098E  C$_sms_manager.c$131$1$117         _sms_manager
     0000098E  C$_sms_manager.c$132$1$117         _sms_manager
     0000098E  G$devkit_SMS_copySpritestoSAT$0$   _sms_manager
     0000098E  XG$devkit_SMS_copySpritestoSAT$0   _sms_manager
     0000098E  _devkit_SMS_copySpritestoSAT       _sms_manager
     00000991  A$_sms_manager$803                 _sms_manager
     00000991  C$_sms_manager.c$133$1$117         _sms_manager
     00000991  C$_sms_manager.c$135$1$118         _sms_manager
     00000991  C$_sms_manager.c$136$1$118         _sms_manager
     00000991  G$devkit_UNSAFE_SMS_copySpritest   _sms_manager
     00000991  XG$devkit_UNSAFE_SMS_copySprites   _sms_manager
     00000991  _devkit_UNSAFE_SMS_copySpritesto   _sms_manager
     00000994  A$_sms_manager$820                 _sms_manager
     00000994  C$_sms_manager.c$138$1$118         _sms_manager
     00000994  C$_sms_manager.c$140$1$119         _sms_manager
     00000994  C$_sms_manager.c$141$1$119         _sms_manager
     00000994  G$devkit_SMS_queryPauseRequested   _sms_manager
     00000994  XG$devkit_SMS_queryPauseRequeste   _sms_manager
     00000994  _devkit_SMS_queryPauseRequested    _sms_manager
     00000997  A$_sms_manager$837                 _sms_manager
     00000997  C$_sms_manager.c$142$1$119         _sms_manager
     00000997  C$_sms_manager.c$144$1$120         _sms_manager
     00000997  C$_sms_manager.c$145$1$120         _sms_manager
     00000997  G$devkit_SMS_resetPauseRequest$0   _sms_manager
     00000997  XG$devkit_SMS_resetPauseRequest$   _sms_manager
ASxxxx Linker V03.00 + NoICE + sdld,  page 15.
Hexadecimal  [32-Bits]

Area                                    Addr        Size        Decimal Bytes (Attributes)
--------------------------------        ----        ----        ------- ----- ------------
_CODE                               00000200    00001F9F =        8095. bytes (REL,CON)

      Value  Global                              Global Defined In Module
      -----  --------------------------------   ------------------------
     00000997  _devkit_SMS_resetPauseRequest      _sms_manager
     0000099A  A$_sms_manager$850                 _sms_manager
     0000099A  C$_sms_manager.c$148$1$120         _sms_manager
     0000099A  C$_sms_manager.c$150$1$121         _sms_manager
     0000099A  G$devkit_isCollisionDetected$0$0   _sms_manager
     0000099A  _devkit_isCollisionDetected        _sms_manager
     0000099D  A$_sms_manager$851                 _sms_manager
     0000099F  A$_sms_manager$852                 _sms_manager
     000009A0  A$_sms_manager$857                 _sms_manager
     000009A0  C$_sms_manager.c$151$1$121         _sms_manager
     000009A0  XG$devkit_isCollisionDetected$0$   _sms_manager
     000009A1  A$_sms_manager$874                 _sms_manager
     000009A1  C$_sms_manager.c$154$1$121         _sms_manager
     000009A1  C$_sms_manager.c$156$1$122         _sms_manager
     000009A1  C$_sms_manager.c$157$1$122         _sms_manager
     000009A1  G$devkit_SMS_getKeysStatus$0$0     _sms_manager
     000009A1  XG$devkit_SMS_getKeysStatus$0$0    _sms_manager
     000009A1  _devkit_SMS_getKeysStatus          _sms_manager
     000009A4  A$_sms_manager$887                 _sms_manager
     000009A4  C$_sms_manager.c$160$1$122         _sms_manager
     000009A4  C$_sms_manager.c$162$1$123         _sms_manager
     000009A4  G$devkit_SPRITEMODE_NORMAL$0$0     _sms_manager
     000009A4  _devkit_SPRITEMODE_NORMAL          _sms_manager
     000009A6  A$_sms_manager$892                 _sms_manager
     000009A6  C$_sms_manager.c$163$1$123         _sms_manager
     000009A6  XG$devkit_SPRITEMODE_NORMAL$0$0    _sms_manager
     000009A7  A$_sms_manager$905                 _sms_manager
     000009A7  C$_sms_manager.c$164$1$123         _sms_manager
     000009A7  C$_sms_manager.c$166$1$124         _sms_manager
     000009A7  G$devkit_VDPFEATURE_HIDEFIRSTCOL   _sms_manager
     000009A7  _devkit_VDPFEATURE_HIDEFIRSTCOL    _sms_manager
     000009AA  A$_sms_manager$910                 _sms_manager
     000009AA  C$_sms_manager.c$167$1$124         _sms_manager
     000009AA  XG$devkit_VDPFEATURE_HIDEFIRSTCO   _sms_manager
     000009AB  A$_sms_manager$923                 _sms_manager
     000009AB  C$_sms_manager.c$168$1$124         _sms_manager
     000009AB  C$_sms_manager.c$170$1$125         _sms_manager
     000009AB  G$devkit_TILE_PRIORITY$0$0         _sms_manager
     000009AB  _devkit_TILE_PRIORITY              _sms_manager
     000009AE  A$_sms_manager$928                 _sms_manager
     000009AE  C$_sms_manager.c$171$1$125         _sms_manager
     000009AE  XG$devkit_TILE_PRIORITY$0$0        _sms_manager
     000009AF  A$_sms_manager$941                 _sms_manager
     000009AF  C$_sms_manager.c$172$1$125         _sms_manager
     000009AF  C$_sms_manager.c$174$1$126         _sms_manager
     000009AF  G$devkit_TILE_USE_SPRITE_PALETTE   _sms_manager
     000009AF  _devkit_TILE_USE_SPRITE_PALETTE    _sms_manager
     000009B2  A$_sms_manager$946                 _sms_manager
     000009B2  C$_sms_manager.c$175$1$126         _sms_manager
     000009B2  XG$devkit_TILE_USE_SPRITE_PALETT   _sms_manager
     000009B3  F_sms_manager$__str_0$0$0          _sms_manager
ASxxxx Linker V03.00 + NoICE + sdld,  page 16.
Hexadecimal  [32-Bits]

Area                                    Addr        Size        Decimal Bytes (Attributes)
--------------------------------        ----        ----        ------- ----- ------------
_CODE                               00000200    00001F9F =        8095. bytes (REL,CON)

      Value  Global                              Global Defined In Module
      -----  --------------------------------   ------------------------
     000009C1  F_sms_manager$__str_1$0$0          _sms_manager
     000009CB  F_sms_manager$__str_2$0$0          _sms_manager
     00000A07  A$_snd_manager$83                  _snd_manager
     00000A07  C$_snd_manager.c$11$1$31           _snd_manager
     00000A07  C$_snd_manager.c$9$0$0             _snd_manager
     00000A07  G$devkit_PSGPlay$0$0               _snd_manager
     00000A07  _devkit_PSGPlay                    _snd_manager
     00000A08  A$_snd_manager$84                  _snd_manager
     00000A09  A$_snd_manager$85                  _snd_manager
     00000A0A  A$_snd_manager$86                  _snd_manager
     00000A0B  A$_snd_manager$87                  _snd_manager
     00000A0C  A$_snd_manager$88                  _snd_manager
     00000A0F  A$_snd_manager$89                  _snd_manager
     00000A10  A$_snd_manager$94                  _snd_manager
     00000A10  C$_snd_manager.c$12$1$31           _snd_manager
     00000A10  XG$devkit_PSGPlay$0$0              _snd_manager
     00000A11  A$_snd_manager$107                 _snd_manager
     00000A11  C$_snd_manager.c$13$1$31           _snd_manager
     00000A11  C$_snd_manager.c$15$1$33           _snd_manager
     00000A11  G$devkit_PSGPlayNoRepeat$0$0       _snd_manager
     00000A11  _devkit_PSGPlayNoRepeat            _snd_manager
     00000A12  A$_snd_manager$108                 _snd_manager
     00000A13  A$_snd_manager$109                 _snd_manager
     00000A14  A$_snd_manager$110                 _snd_manager
     00000A15  A$_snd_manager$111                 _snd_manager
     00000A16  A$_snd_manager$112                 _snd_manager
     00000A19  A$_snd_manager$113                 _snd_manager
     00000A1A  A$_snd_manager$118                 _snd_manager
     00000A1A  C$_snd_manager.c$16$1$33           _snd_manager
     00000A1A  XG$devkit_PSGPlayNoRepeat$0$0      _snd_manager
     00000A1B  A$_snd_manager$135                 _snd_manager
     00000A1B  C$_snd_manager.c$17$1$33           _snd_manager
     00000A1B  C$_snd_manager.c$19$1$35           _snd_manager
     00000A1B  C$_snd_manager.c$20$1$35           _snd_manager
     00000A1B  G$devkit_PSGStop$0$0               _snd_manager
     00000A1B  XG$devkit_PSGStop$0$0              _snd_manager
     00000A1B  _devkit_PSGStop                    _snd_manager
     00000A1E  A$_snd_manager$152                 _snd_manager
     00000A1E  C$_snd_manager.c$21$1$35           _snd_manager
     00000A1E  C$_snd_manager.c$23$1$37           _snd_manager
     00000A1E  C$_snd_manager.c$24$1$37           _snd_manager
     00000A1E  G$devkit_PSGResume$0$0             _snd_manager
     00000A1E  XG$devkit_PSGResume$0$0            _snd_manager
     00000A1E  _devkit_PSGResume                  _snd_manager
     00000A21  A$_snd_manager$169                 _snd_manager
     00000A21  C$_snd_manager.c$25$1$37           _snd_manager
     00000A21  C$_snd_manager.c$27$1$39           _snd_manager
     00000A21  C$_snd_manager.c$28$1$39           _snd_manager
     00000A21  G$devkit_PSGGetStatus$0$0          _snd_manager
     00000A21  XG$devkit_PSGGetStatus$0$0         _snd_manager
     00000A21  _devkit_PSGGetStatus               _snd_manager
ASxxxx Linker V03.00 + NoICE + sdld,  page 17.
Hexadecimal  [32-Bits]

Area                                    Addr        Size        Decimal Bytes (Attributes)
--------------------------------        ----        ----        ------- ----- ------------
_CODE                               00000200    00001F9F =        8095. bytes (REL,CON)

      Value  Global                              Global Defined In Module
      -----  --------------------------------   ------------------------
     00000A24  A$_snd_manager$182                 _snd_manager
     00000A24  C$_snd_manager.c$29$1$39           _snd_manager
     00000A24  C$_snd_manager.c$31$1$41           _snd_manager
     00000A24  G$devkit_PSGSetMusicVolumeAttenu   _snd_manager
     00000A24  _devkit_PSGSetMusicVolumeAttenua   _snd_manager
     00000A27  A$_snd_manager$183                 _snd_manager
     00000A28  A$_snd_manager$184                 _snd_manager
     00000A29  A$_snd_manager$185                 _snd_manager
     00000A2A  A$_snd_manager$186                 _snd_manager
     00000A2B  A$_snd_manager$187                 _snd_manager
     00000A2E  A$_snd_manager$188                 _snd_manager
     00000A2F  A$_snd_manager$193                 _snd_manager
     00000A2F  C$_snd_manager.c$32$1$41           _snd_manager
     00000A2F  XG$devkit_PSGSetMusicVolumeAtten   _snd_manager
     00000A30  A$_snd_manager$206                 _snd_manager
     00000A30  C$_snd_manager.c$34$1$41           _snd_manager
     00000A30  C$_snd_manager.c$36$1$43           _snd_manager
     00000A30  G$devkit_PSGSFXPlay$0$0            _snd_manager
     00000A30  _devkit_PSGSFXPlay                 _snd_manager
     00000A33  A$_snd_manager$207                 _snd_manager
     00000A34  A$_snd_manager$208                 _snd_manager
     00000A35  A$_snd_manager$209                 _snd_manager
     00000A36  A$_snd_manager$210                 _snd_manager
     00000A37  A$_snd_manager$211                 _snd_manager
     00000A3A  A$_snd_manager$212                 _snd_manager
     00000A3B  A$_snd_manager$213                 _snd_manager
     00000A3C  A$_snd_manager$214                 _snd_manager
     00000A3D  A$_snd_manager$215                 _snd_manager
     00000A3E  A$_snd_manager$216                 _snd_manager
     00000A3F  A$_snd_manager$217                 _snd_manager
     00000A42  A$_snd_manager$218                 _snd_manager
     00000A43  A$_snd_manager$219                 _snd_manager
     00000A44  A$_snd_manager$224                 _snd_manager
     00000A44  C$_snd_manager.c$37$1$43           _snd_manager
     00000A44  XG$devkit_PSGSFXPlay$0$0           _snd_manager
     00000A45  A$_snd_manager$241                 _snd_manager
     00000A45  C$_snd_manager.c$38$1$43           _snd_manager
     00000A45  C$_snd_manager.c$40$1$45           _snd_manager
     00000A45  C$_snd_manager.c$41$1$45           _snd_manager
     00000A45  G$devkit_PSGSFXStop$0$0            _snd_manager
     00000A45  XG$devkit_PSGSFXStop$0$0           _snd_manager
     00000A45  _devkit_PSGSFXStop                 _snd_manager
     00000A48  A$_snd_manager$258                 _snd_manager
     00000A48  C$_snd_manager.c$42$1$45           _snd_manager
     00000A48  C$_snd_manager.c$44$1$47           _snd_manager
     00000A48  C$_snd_manager.c$45$1$47           _snd_manager
     00000A48  G$devkit_PSGSFXGetStatus$0$0       _snd_manager
     00000A48  XG$devkit_PSGSFXGetStatus$0$0      _snd_manager
     00000A48  _devkit_PSGSFXGetStatus            _snd_manager
     00000A4B  A$_snd_manager$275                 _snd_manager
     00000A4B  C$_snd_manager.c$47$1$47           _snd_manager
ASxxxx Linker V03.00 + NoICE + sdld,  page 18.
Hexadecimal  [32-Bits]

Area                                    Addr        Size        Decimal Bytes (Attributes)
--------------------------------        ----        ----        ------- ----- ------------
_CODE                               00000200    00001F9F =        8095. bytes (REL,CON)

      Value  Global                              Global Defined In Module
      -----  --------------------------------   ------------------------
     00000A4B  C$_snd_manager.c$49$1$49           _snd_manager
     00000A4B  C$_snd_manager.c$50$1$49           _snd_manager
     00000A4B  G$devkit_PSGSilenceChannels$0$0    _snd_manager
     00000A4B  XG$devkit_PSGSilenceChannels$0$0   _snd_manager
     00000A4B  _devkit_PSGSilenceChannels         _snd_manager
     00000A4E  A$_snd_manager$292                 _snd_manager
     00000A4E  C$_snd_manager.c$51$1$49           _snd_manager
     00000A4E  C$_snd_manager.c$53$1$51           _snd_manager
     00000A4E  C$_snd_manager.c$54$1$51           _snd_manager
     00000A4E  G$devkit_PSGRestoreVolumes$0$0     _snd_manager
     00000A4E  XG$devkit_PSGRestoreVolumes$0$0    _snd_manager
     00000A4E  _devkit_PSGRestoreVolumes          _snd_manager
     00000A51  A$_snd_manager$309                 _snd_manager
     00000A51  C$_snd_manager.c$56$1$51           _snd_manager
     00000A51  C$_snd_manager.c$58$1$53           _snd_manager
     00000A51  C$_snd_manager.c$59$1$53           _snd_manager
     00000A51  G$devkit_PSGFrame$0$0              _snd_manager
     00000A51  XG$devkit_PSGFrame$0$0             _snd_manager
     00000A51  _devkit_PSGFrame                   _snd_manager
     00000A54  A$_snd_manager$326                 _snd_manager
     00000A54  C$_snd_manager.c$60$1$53           _snd_manager
     00000A54  C$_snd_manager.c$62$1$55           _snd_manager
     00000A54  C$_snd_manager.c$63$1$55           _snd_manager
     00000A54  G$devkit_PSGSFXFrame$0$0           _snd_manager
     00000A54  XG$devkit_PSGSFXFrame$0$0          _snd_manager
     00000A54  _devkit_PSGSFXFrame                _snd_manager
     00000A57  A$_snd_manager$339                 _snd_manager
     00000A57  C$_snd_manager.c$66$1$55           _snd_manager
     00000A57  C$_snd_manager.c$68$1$56           _snd_manager
     00000A57  G$devkit_SFX_CHANNEL2$0$0          _snd_manager
     00000A57  _devkit_SFX_CHANNEL2               _snd_manager
     00000A59  A$_snd_manager$344                 _snd_manager
     00000A59  C$_snd_manager.c$69$1$56           _snd_manager
     00000A59  XG$devkit_SFX_CHANNEL2$0$0         _snd_manager
     00000A5A  A$_snd_manager$357                 _snd_manager
     00000A5A  C$_snd_manager.c$70$1$56           _snd_manager
     00000A5A  C$_snd_manager.c$72$1$57           _snd_manager
     00000A5A  G$devkit_SFX_CHANNEL3$0$0          _snd_manager
     00000A5A  _devkit_SFX_CHANNEL3               _snd_manager
     00000A5C  A$_snd_manager$362                 _snd_manager
     00000A5C  C$_snd_manager.c$73$1$57           _snd_manager
     00000A5C  XG$devkit_SFX_CHANNEL3$0$0         _snd_manager
     00000A5D  A$_snd_manager$375                 _snd_manager
     00000A5D  C$_snd_manager.c$74$1$57           _snd_manager
     00000A5D  C$_snd_manager.c$76$1$58           _snd_manager
     00000A5D  G$devkit_SFX_CHANNELS2AND3$0$0     _snd_manager
     00000A5D  _devkit_SFX_CHANNELS2AND3          _snd_manager
     00000A5F  A$_snd_manager$380                 _snd_manager
     00000A5F  C$_snd_manager.c$77$1$58           _snd_manager
     00000A5F  XG$devkit_SFX_CHANNELS2AND3$0$0    _snd_manager
     00000A60  A$asm_manager$59                   asm_manager
ASxxxx Linker V03.00 + NoICE + sdld,  page 19.
Hexadecimal  [32-Bits]

Area                                    Addr        Size        Decimal Bytes (Attributes)
--------------------------------        ----        ----        ------- ----- ------------
_CODE                               00000200    00001F9F =        8095. bytes (REL,CON)

      Value  Global                              Global Defined In Module
      -----  --------------------------------   ------------------------
     00000A60  C$asm_manager.c$11$0$0             asm_manager
     00000A60  C$asm_manager.c$30$1$1             asm_manager
     00000A60  G$engine_asm_manager_clear_VRAM$   asm_manager
     00000A60  _engine_asm_manager_clear_VRAM     asm_manager
     00000A62  A$asm_manager$60                   asm_manager
     00000A64  A$asm_manager$61                   asm_manager
     00000A66  A$asm_manager$62                   asm_manager
     00000A68  A$asm_manager$63                   asm_manager
     00000A6B  A$asm_manager$65                   asm_manager
     00000A6D  A$asm_manager$66                   asm_manager
     00000A6F  A$asm_manager$67                   asm_manager
     00000A70  A$asm_manager$68                   asm_manager
     00000A71  A$asm_manager$69                   asm_manager
     00000A72  A$asm_manager$70                   asm_manager
     00000A75  A$asm_manager$75                   asm_manager
     00000A75  C$asm_manager.c$33$1$1             asm_manager
     00000A75  XG$engine_asm_manager_clear_VRAM   asm_manager
     00000A76  A$audio_manager$60                 audio_manager
     00000A76  C$audio_manager.c$18$0$0           audio_manager
     00000A76  C$audio_manager.c$20$1$15          audio_manager
     00000A76  G$engine_audio_manager_sfx_right   audio_manager
     00000A76  _engine_audio_manager_sfx_right    audio_manager
     00000A79  A$audio_manager$61                 audio_manager
     00000A7A  A$audio_manager$62                 audio_manager
     00000A7D  A$audio_manager$63                 audio_manager
     00000A7E  A$audio_manager$68                 audio_manager
     00000A7E  C$audio_manager.c$21$1$15          audio_manager
     00000A7E  XG$engine_audio_manager_sfx_righ   audio_manager
     00000A7F  A$audio_manager$81                 audio_manager
     00000A7F  C$audio_manager.c$22$1$15          audio_manager
     00000A7F  C$audio_manager.c$24$1$16          audio_manager
     00000A7F  G$engine_audio_manager_sfx_wrong   audio_manager
     00000A7F  _engine_audio_manager_sfx_wrong    audio_manager
     00000A82  A$audio_manager$82                 audio_manager
     00000A83  A$audio_manager$83                 audio_manager
     00000A86  A$audio_manager$84                 audio_manager
     00000A87  A$audio_manager$89                 audio_manager
     00000A87  C$audio_manager.c$25$1$16          audio_manager
     00000A87  XG$engine_audio_manager_sfx_wron   audio_manager
     00000A88  A$audio_manager$102                audio_manager
     00000A88  C$audio_manager.c$26$1$16          audio_manager
     00000A88  C$audio_manager.c$28$1$17          audio_manager
     00000A88  G$engine_audio_manager_sfx_cheat   audio_manager
     00000A88  _engine_audio_manager_sfx_cheat    audio_manager
     00000A8B  A$audio_manager$103                audio_manager
     00000A8C  A$audio_manager$104                audio_manager
     00000A8F  A$audio_manager$105                audio_manager
     00000A90  A$audio_manager$110                audio_manager
     00000A90  C$audio_manager.c$29$1$17          audio_manager
     00000A90  XG$engine_audio_manager_sfx_chea   audio_manager
     00000A91  A$audio_manager$123                audio_manager
ASxxxx Linker V03.00 + NoICE + sdld,  page 20.
Hexadecimal  [32-Bits]

Area                                    Addr        Size        Decimal Bytes (Attributes)
--------------------------------        ----        ----        ------- ----- ------------
_CODE                               00000200    00001F9F =        8095. bytes (REL,CON)

      Value  Global                              Global Defined In Module
      -----  --------------------------------   ------------------------
     00000A91  C$audio_manager.c$31$1$17          audio_manager
     00000A91  C$audio_manager.c$36$1$19          audio_manager
     00000A91  Faudio_manager$play_sfx$0$0        audio_manager
     00000A94  A$audio_manager$127                audio_manager
     00000A94  C$audio_manager.c$37$1$19          audio_manager
     00000A95  A$audio_manager$128                audio_manager
     00000A96  A$audio_manager$132                audio_manager
     00000A96  C$audio_manager.c$39$2$20          audio_manager
     00000A97  A$audio_manager$136                audio_manager
     00000A97  C$audio_manager.c$42$1$19          audio_manager
     00000A9A  A$audio_manager$137                audio_manager
     00000A9B  A$audio_manager$138                audio_manager
     00000A9C  A$audio_manager$139                audio_manager
     00000A9D  A$audio_manager$140                audio_manager
     00000A9E  A$audio_manager$141                audio_manager
     00000A9F  A$audio_manager$142                audio_manager
     00000AA0  A$audio_manager$143                audio_manager
     00000AA1  A$audio_manager$144                audio_manager
     00000AA2  A$audio_manager$145                audio_manager
     00000AA5  A$audio_manager$146                audio_manager
     00000AA6  A$audio_manager$147                audio_manager
     00000AA7  A$audio_manager$152                audio_manager
     00000AA7  C$audio_manager.c$43$1$19          audio_manager
     00000AA7  XFaudio_manager$play_sfx$0$0       audio_manager
     00000AA8  A$content_manager$65               content_manager
     00000AA8  C$content_manager.c$12$0$0         content_manager
     00000AA8  C$content_manager.c$14$1$17        content_manager
     00000AA8  G$engine_content_manager_load_ti   content_manager
     00000AA8  _engine_content_manager_load_til   content_manager
     00000AAB  A$content_manager$66               content_manager
     00000AAC  A$content_manager$67               content_manager
     00000AAF  A$content_manager$68               content_manager
     00000AB0  A$content_manager$69               content_manager
     00000AB3  A$content_manager$70               content_manager
     00000AB4  A$content_manager$71               content_manager
     00000AB5  A$content_manager$75               content_manager
     00000AB5  C$content_manager.c$15$1$17        content_manager
     00000AB8  A$content_manager$76               content_manager
     00000AB9  A$content_manager$77               content_manager
     00000ABC  A$content_manager$78               content_manager
     00000ABD  A$content_manager$83               content_manager
     00000ABD  C$content_manager.c$16$1$17        content_manager
     00000ABD  XG$engine_content_manager_load_t   content_manager
     00000ABE  A$content_manager$96               content_manager
     00000ABE  C$content_manager.c$17$1$17        content_manager
     00000ABE  C$content_manager.c$19$1$18        content_manager
     00000ABE  G$engine_content_manager_load_sp   content_manager
     00000ABE  _engine_content_manager_load_spl   content_manager
     00000AC0  A$content_manager$97               content_manager
     00000AC1  A$content_manager$98               content_manager
     00000AC2  A$content_manager$99               content_manager
ASxxxx Linker V03.00 + NoICE + sdld,  page 21.
Hexadecimal  [32-Bits]

Area                                    Addr        Size        Decimal Bytes (Attributes)
--------------------------------        ----        ----        ------- ----- ------------
_CODE                               00000200    00001F9F =        8095. bytes (REL,CON)

      Value  Global                              Global Defined In Module
      -----  --------------------------------   ------------------------
     00000AC5  A$content_manager$100              content_manager
     00000AC6  A$content_manager$104              content_manager
     00000AC6  C$content_manager.c$20$1$18        content_manager
     00000AC9  A$content_manager$105              content_manager
     00000ACA  A$content_manager$106              content_manager
     00000ACD  A$content_manager$107              content_manager
     00000ACE  A$content_manager$108              content_manager
     00000AD1  A$content_manager$109              content_manager
     00000AD2  A$content_manager$110              content_manager
     00000AD3  A$content_manager$114              content_manager
     00000AD3  C$content_manager.c$21$1$18        content_manager
     00000AD6  A$content_manager$115              content_manager
     00000AD7  A$content_manager$116              content_manager
     00000ADA  A$content_manager$117              content_manager
     00000ADB  A$content_manager$118              content_manager
     00000ADE  A$content_manager$119              content_manager
     00000ADF  A$content_manager$120              content_manager
     00000AE0  A$content_manager$124              content_manager
     00000AE0  C$content_manager.c$22$1$18        content_manager
     00000AE3  A$content_manager$125              content_manager
     00000AE4  A$content_manager$126              content_manager
     00000AE7  A$content_manager$127              content_manager
     00000AE8  A$content_manager$132              content_manager
     00000AE8  C$content_manager.c$23$1$18        content_manager
     00000AE8  XG$engine_content_manager_load_s   content_manager
     00000AE9  A$content_manager$145              content_manager
     00000AE9  C$content_manager.c$25$1$18        content_manager
     00000AE9  C$content_manager.c$27$1$19        content_manager
     00000AE9  G$engine_content_manager_load_ti   content_manager
     00000AE9  _engine_content_manager_load_tit   content_manager
     00000AEB  A$content_manager$146              content_manager
     00000AEC  A$content_manager$147              content_manager
     00000AED  A$content_manager$148              content_manager
     00000AF0  A$content_manager$149              content_manager
     00000AF1  A$content_manager$153              content_manager
     00000AF1  C$content_manager.c$28$1$19        content_manager
     00000AF4  A$content_manager$154              content_manager
     00000AF5  A$content_manager$155              content_manager
     00000AF8  A$content_manager$156              content_manager
     00000AF9  A$content_manager$157              content_manager
     00000AFC  A$content_manager$158              content_manager
     00000AFD  A$content_manager$159              content_manager
     00000AFE  A$content_manager$163              content_manager
     00000AFE  C$content_manager.c$29$1$19        content_manager
     00000B01  A$content_manager$164              content_manager
     00000B02  A$content_manager$165              content_manager
     00000B05  A$content_manager$166              content_manager
     00000B06  A$content_manager$167              content_manager
     00000B09  A$content_manager$168              content_manager
     00000B0A  A$content_manager$169              content_manager
     00000B0B  A$content_manager$173              content_manager
ASxxxx Linker V03.00 + NoICE + sdld,  page 22.
Hexadecimal  [32-Bits]

Area                                    Addr        Size        Decimal Bytes (Attributes)
--------------------------------        ----        ----        ------- ----- ------------
_CODE                               00000200    00001F9F =        8095. bytes (REL,CON)

      Value  Global                              Global Defined In Module
      -----  --------------------------------   ------------------------
     00000B0B  C$content_manager.c$30$1$19        content_manager
     00000B0E  A$content_manager$174              content_manager
     00000B0F  A$content_manager$175              content_manager
     00000B12  A$content_manager$176              content_manager
     00000B13  A$content_manager$180              content_manager
     00000B13  C$content_manager.c$33$1$19        content_manager
     00000B16  A$content_manager$181              content_manager
     00000B17  A$content_manager$182              content_manager
     00000B19  A$content_manager$183              content_manager
     00000B1A  A$content_manager$184              content_manager
     00000B1D  A$content_manager$185              content_manager
     00000B1E  A$content_manager$186              content_manager
     00000B1F  A$content_manager$191              content_manager
     00000B1F  C$content_manager.c$34$1$19        content_manager
     00000B1F  XG$engine_content_manager_load_t   content_manager
     00000B20  A$content_manager$204              content_manager
     00000B20  C$content_manager.c$35$1$19        content_manager
     00000B20  C$content_manager.c$37$1$20        content_manager
     00000B20  G$engine_content_manager_load_ti   content_manager
     00000B20  _engine_content_manager_load_tit   content_manager
     00000B22  A$content_manager$205              content_manager
     00000B23  A$content_manager$206              content_manager
     00000B24  A$content_manager$207              content_manager
     00000B27  A$content_manager$208              content_manager
     00000B28  A$content_manager$212              content_manager
     00000B28  C$content_manager.c$38$1$20        content_manager
     00000B2B  A$content_manager$213              content_manager
     00000B2C  A$content_manager$214              content_manager
     00000B2F  A$content_manager$215              content_manager
     00000B30  A$content_manager$216              content_manager
     00000B33  A$content_manager$217              content_manager
     00000B34  A$content_manager$218              content_manager
     00000B35  A$content_manager$222              content_manager
     00000B35  C$content_manager.c$39$1$20        content_manager
     00000B38  A$content_manager$223              content_manager
     00000B39  A$content_manager$224              content_manager
     00000B3C  A$content_manager$225              content_manager
     00000B3D  A$content_manager$226              content_manager
     00000B40  A$content_manager$227              content_manager
     00000B41  A$content_manager$228              content_manager
     00000B42  A$content_manager$232              content_manager
     00000B42  C$content_manager.c$40$1$20        content_manager
     00000B45  A$content_manager$233              content_manager
     00000B46  A$content_manager$234              content_manager
     00000B49  A$content_manager$235              content_manager
     00000B4A  A$content_manager$239              content_manager
     00000B4A  C$content_manager.c$43$1$20        content_manager
     00000B4D  A$content_manager$240              content_manager
     00000B4E  A$content_manager$241              content_manager
     00000B50  A$content_manager$242              content_manager
     00000B51  A$content_manager$243              content_manager
ASxxxx Linker V03.00 + NoICE + sdld,  page 23.
Hexadecimal  [32-Bits]

Area                                    Addr        Size        Decimal Bytes (Attributes)
--------------------------------        ----        ----        ------- ----- ------------
_CODE                               00000200    00001F9F =        8095. bytes (REL,CON)

      Value  Global                              Global Defined In Module
      -----  --------------------------------   ------------------------
     00000B54  A$content_manager$244              content_manager
     00000B55  A$content_manager$245              content_manager
     00000B56  A$content_manager$250              content_manager
     00000B56  C$content_manager.c$44$1$20        content_manager
     00000B56  XG$engine_content_manager_load_t   content_manager
     00000B57  A$content_manager$263              content_manager
     00000B57  C$content_manager.c$47$1$20        content_manager
     00000B57  C$content_manager.c$50$1$21        content_manager
     00000B57  G$engine_content_manager_load_sp   content_manager
     00000B57  _engine_content_manager_load_spr   content_manager
     00000B5A  A$content_manager$264              content_manager
     00000B5B  A$content_manager$265              content_manager
     00000B5E  A$content_manager$266              content_manager
     00000B5F  A$content_manager$267              content_manager
     00000B62  A$content_manager$268              content_manager
     00000B63  A$content_manager$269              content_manager
     00000B64  A$content_manager$273              content_manager
     00000B64  C$content_manager.c$51$1$21        content_manager
     00000B67  A$content_manager$274              content_manager
     00000B68  A$content_manager$275              content_manager
     00000B6B  A$content_manager$276              content_manager
     00000B6C  A$content_manager$281              content_manager
     00000B6C  C$content_manager.c$52$1$21        content_manager
     00000B6C  XG$engine_content_manager_load_s   content_manager
     00000B6D  A$cursor_manager$68                cursor_manager
     00000B6D  C$cursor_manager.c$13$0$0          cursor_manager
     00000B6D  C$cursor_manager.c$15$1$23         cursor_manager
     00000B6D  G$engine_cursor_manager_init$0$0   cursor_manager
     00000B6D  _engine_cursor_manager_init        cursor_manager
     00000B70  A$cursor_manager$72                cursor_manager
     00000B70  C$cursor_manager.c$16$1$23         cursor_manager
     00000B71  A$cursor_manager$73                cursor_manager
     00000B72  A$cursor_manager$77                cursor_manager
     00000B72  C$cursor_manager.c$17$1$23         cursor_manager
     00000B75  A$cursor_manager$78                cursor_manager
     00000B77  A$cursor_manager$82                cursor_manager
     00000B77  C$cursor_manager.c$19$1$23         cursor_manager
[...]

ASxxxx Linker V03.00 + NoICE + sdld,  page 126.
Hexadecimal  [32-Bits]

Area                                    Addr        Size        Decimal Bytes (Attributes)
--------------------------------        ----        ----        ------- ----- ------------
_BANK48                             00008000    00003957 =       14679. bytes (REL,CON)

      Value  Global                              Global Defined In Module
      -----  --------------------------------   ------------------------
     00008000  G$Riff_1991_01_wav_pcmenc$0$0      bank48
     00008000  _Riff_1991_01_wav_pcmenc           bank48

ASxxxx Linker V03.00 + NoICE + sdld,  page 127.
Hexadecimal  [32-Bits]

Area                                    Addr        Size        Decimal Bytes (Attributes)
--------------------------------        ----        ----        ------- ----- ------------
_BANK49                             00008000    000038BE =       14526. bytes (REL,CON)

      Value  Global                              Global Defined In Module
      -----  --------------------------------   ------------------------
     00008000  G$Riff_1991_02_wav_pcmenc$0$0      bank49
     00008000  _Riff_1991_02_wav_pcmenc           bank49

ASxxxx Linker V03.00 + NoICE + sdld,  page 128.
Hexadecimal  [32-Bits]

Area                                    Addr        Size        Decimal Bytes (Attributes)
--------------------------------        ----        ----        ------- ----- ------------
_BANK50                             00008000    00003D4C =       15692. bytes (REL,CON)

      Value  Global                              Global Defined In Module
      -----  --------------------------------   ------------------------
     00008000  G$Riff_1991_03_wav_pcmenc$0$0      bank50
     00008000  _Riff_1991_03_wav_pcmenc           bank50

ASxxxx Linker V03.00 + NoICE + sdld,  page 129.
Hexadecimal  [32-Bits]

Area                                    Addr        Size        Decimal Bytes (Attributes)
--------------------------------        ----        ----        ------- ----- ------------
_BANK51                             00008000    00003B0E =       15118. bytes (REL,CON)

      Value  Global                              Global Defined In Module
      -----  --------------------------------   ------------------------
     00008000  G$Riff_1991_04_wav_pcmenc$0$0      bank51
     00008000  _Riff_1991_04_wav_pcmenc           bank51

ASxxxx Linker V03.00 + NoICE + sdld,  page 130.
Hexadecimal  [32-Bits]

Area                                    Addr        Size        Decimal Bytes (Attributes)
--------------------------------        ----        ----        ------- ----- ------------
_BANK52                             00008000    00003140 =       12608. bytes (REL,CON)

      Value  Global                              Global Defined In Module
      -----  --------------------------------   ------------------------
     00008000  G$Riff_1995_01_wav_pcmenc$0$0      bank52
     00008000  _Riff_1995_01_wav_pcmenc           bank52

ASxxxx Linker V03.00 + NoICE + sdld,  page 131.
Hexadecimal  [32-Bits]

Area                                    Addr        Size        Decimal Bytes (Attributes)
--------------------------------        ----        ----        ------- ----- ------------
_BANK53                             00008000    00003569 =       13673. bytes (REL,CON)

      Value  Global                              Global Defined In Module
      -----  --------------------------------   ------------------------
     00008000  G$Riff_1995_02_wav_pcmenc$0$0      bank53
     00008000  _Riff_1995_02_wav_pcmenc           bank53

ASxxxx Linker V03.00 + NoICE + sdld,  page 132.
Hexadecimal  [32-Bits]

Area                                    Addr        Size        Decimal Bytes (Attributes)
--------------------------------        ----        ----        ------- ----- ------------
_BANK54                             00008000    0000384B =       14411. bytes (REL,CON)

      Value  Global                              Global Defined In Module
      -----  --------------------------------   ------------------------
     00008000  G$Riff_1995_03_wav_pcmenc$0$0      bank54
     00008000  _Riff_1995_03_wav_pcmenc           bank54

ASxxxx Linker V03.00 + NoICE + sdld,  page 133.
Hexadecimal  [32-Bits]

Area                                    Addr        Size        Decimal Bytes (Attributes)
--------------------------------        ----        ----        ------- ----- ------------
_BANK55                             00008000    00003742 =       14146. bytes (REL,CON)

      Value  Global                              Global Defined In Module
      -----  --------------------------------   ------------------------
     00008000  G$Riff_1995_04_wav_pcmenc$0$0      bank55
     00008000  _Riff_1995_04_wav_pcmenc           bank55

ASxxxx Linker V03.00 + NoICE + sdld,  page 134.
Hexadecimal  [32-Bits]

Area                                    Addr        Size        Decimal Bytes (Attributes)
--------------------------------        ----        ----        ------- ----- ------------
_BANK56                             00008000    000038ED =       14573. bytes (REL,CON)

      Value  Global                              Global Defined In Module
      -----  --------------------------------   ------------------------
     00008000  G$Riff_1998_01_wav_pcmenc$0$0      bank56
     00008000  _Riff_1998_01_wav_pcmenc           bank56

ASxxxx Linker V03.00 + NoICE + sdld,  page 135.
Hexadecimal  [32-Bits]

Area                                    Addr        Size        Decimal Bytes (Attributes)
--------------------------------        ----        ----        ------- ----- ------------
_BANK57                             00008000    00003916 =       14614. bytes (REL,CON)

      Value  Global                              Global Defined In Module
      -----  --------------------------------   ------------------------
     00008000  G$Riff_1998_02_wav_pcmenc$0$0      bank57
     00008000  _Riff_1998_02_wav_pcmenc           bank57

ASxxxx Linker V03.00 + NoICE + sdld,  page 136.
Hexadecimal  [32-Bits]

Area                                    Addr        Size        Decimal Bytes (Attributes)
--------------------------------        ----        ----        ------- ----- ------------
_BANK58                             00008000    00003769 =       14185. bytes (REL,CON)

      Value  Global                              Global Defined In Module
      -----  --------------------------------   ------------------------
     00008000  G$Riff_1998_03_wav_pcmenc$0$0      bank58
     00008000  _Riff_1998_03_wav_pcmenc           bank58

ASxxxx Linker V03.00 + NoICE + sdld,  page 137.
Hexadecimal  [32-Bits]

Area                                    Addr        Size        Decimal Bytes (Attributes)
--------------------------------        ----        ----        ------- ----- ------------
_BANK59                             00008000    000039FE =       14846. bytes (REL,CON)

      Value  Global                              Global Defined In Module
      -----  --------------------------------   ------------------------
     00008000  G$Riff_1998_04_wav_pcmenc$0$0      bank59
     00008000  _Riff_1998_04_wav_pcmenc           bank59

ASxxxx Linker V03.00 + NoICE + sdld,  page 138.
Hexadecimal  [32-Bits]

Area                                    Addr        Size        Decimal Bytes (Attributes)
--------------------------------        ----        ----        ------- ----- ------------
_BANK60                             00008000    00003628 =       13864. bytes (REL,CON)

      Value  Global                              Global Defined In Module
      -----  --------------------------------   ------------------------
     00008000  G$Riff_2012_01_wav_pcmenc$0$0      bank60
     00008000  _Riff_2012_01_wav_pcmenc           bank60

ASxxxx Linker V03.00 + NoICE + sdld,  page 139.
Hexadecimal  [32-Bits]

Area                                    Addr        Size        Decimal Bytes (Attributes)
--------------------------------        ----        ----        ------- ----- ------------
_BANK61                             00008000    000038DA =       14554. bytes (REL,CON)

      Value  Global                              Global Defined In Module
      -----  --------------------------------   ------------------------
     00008000  G$Riff_2012_02_wav_pcmenc$0$0      bank61
     00008000  _Riff_2012_02_wav_pcmenc           bank61

ASxxxx Linker V03.00 + NoICE + sdld,  page 140.
Hexadecimal  [32-Bits]

Area                                    Addr        Size        Decimal Bytes (Attributes)
--------------------------------        ----        ----        ------- ----- ------------
_BANK62                             00008000    00003509 =       13577. bytes (REL,CON)

      Value  Global                              Global Defined In Module
      -----  --------------------------------   ------------------------
     00008000  G$Riff_2012_03_wav_pcmenc$0$0      bank62
     00008000  _Riff_2012_03_wav_pcmenc           bank62

ASxxxx Linker V03.00 + NoICE + sdld,  page 141.
Hexadecimal  [32-Bits]

Area                                    Addr        Size        Decimal Bytes (Attributes)
--------------------------------        ----        ----        ------- ----- ------------
_BANK63                             00008000    000020C6 =        8390. bytes (REL,CON)

      Value  Global                              Global Defined In Module
      -----  --------------------------------   ------------------------
     00008000  G$Riff_2012_04_wav_pcmenc$0$0      bank63
     00008000  _Riff_2012_04_wav_pcmenc           bank63

ASxxxx Linker V03.00 + NoICE + sdld,  page 142.
Hexadecimal  [32-Bits]

Area                                    Addr        Size        Decimal Bytes (Attributes)
--------------------------------        ----        ----        ------- ----- ------------
_CABS0                              00000000    00000010 =          16. bytes (ABS,CON)

      Value  Global                              Global Defined In Module
      -----  --------------------------------   ------------------------
     00007FF0  G$__SMS__SEGA_signature$0$0        _sms_manager
     00007FF0  ___SMS__SEGA_signature             _sms_manager

ASxxxx Linker V03.00 + NoICE + sdld,  page 143.
Hexadecimal  [32-Bits]

Area                                    Addr        Size        Decimal Bytes (Attributes)
--------------------------------        ----        ----        ------- ----- ------------
_CABS1                              00000000    0000000E =          14. bytes (ABS,CON)

      Value  Global                              Global Defined In Module
      -----  --------------------------------   ------------------------
     00007FD2  G$__SMS__SDSC_author$0$0           _sms_manager
     00007FD2  ___SMS__SDSC_author                _sms_manager

ASxxxx Linker V03.00 + NoICE + sdld,  page 144.
Hexadecimal  [32-Bits]

Area                                    Addr        Size        Decimal Bytes (Attributes)
--------------------------------        ----        ----        ------- ----- ------------
_CABS2                              00000000    0000000A =          10. bytes (ABS,CON)

      Value  Global                              Global Defined In Module
      -----  --------------------------------   ------------------------
     00007FC8  G$__SMS__SDSC_name$0$0             _sms_manager
     00007FC8  ___SMS__SDSC_name                  _sms_manager

ASxxxx Linker V03.00 + NoICE + sdld,  page 145.
Hexadecimal  [32-Bits]

Area                                    Addr        Size        Decimal Bytes (Attributes)
--------------------------------        ----        ----        ------- ----- ------------
_CABS3                              00000000    0000003C =          60. bytes (ABS,CON)

      Value  Global                              Global Defined In Module
      -----  --------------------------------   ------------------------
     00007F8C  G$__SMS__SDSC_descr$0$0            _sms_manager
     00007F8C  ___SMS__SDSC_descr                 _sms_manager

ASxxxx Linker V03.00 + NoICE + sdld,  page 146.
Hexadecimal  [32-Bits]

Area                                    Addr        Size        Decimal Bytes (Attributes)
--------------------------------        ----        ----        ------- ----- ------------
_CABS4                              00000000    00000010 =          16. bytes (ABS,CON)

      Value  Global                              Global Defined In Module
      -----  --------------------------------   ------------------------
     00007FE0  G$__SMS__SDSC_signature$0$0        _sms_manager
     00007FE0  ___SMS__SDSC_signature             _sms_manager

ASxxxx Linker V03.00 + NoICE + sdld,  page 147.

Files Linked                              [ module(s) ]

..\crt0\crt0_sms.rel                      [ crt0 ]
main.rel                                  [ main ]
..\lib\PSGlib.rel                         [ PSGlib ]
banks\bank2.rel                           [ bank2 ]
banks\bank3.rel                           [ bank3 ]
banks\bank4.rel                           [ bank4 ]
banks\bank5.rel                           [ bank5 ]
banks\bank6.rel                           [ bank6 ]
banks\bank7.rel                           [ bank7 ]
banks\bank8.rel                           [ bank8 ]
banks\bank9.rel                           [ bank9 ]
banks\bank10.rel                          [ bank10 ]
banks\bank11.rel                          [ bank11 ]
banks\bank12.rel                          [ bank12 ]
banks\bank13.rel                          [ bank13 ]
banks\bank14.rel                          [ bank14 ]
banks\bank15.rel                          [ bank15 ]
banks\bank16.rel                          [ bank16 ]
banks\bank17.rel                          [ bank17 ]
banks\bank18.rel                          [ bank18 ]
banks\bank19.rel                          [ bank19 ]
banks\bank20.rel                          [ bank20 ]
banks\bank21.rel                          [ bank21 ]
banks\bank22.rel                          [ bank22 ]
banks\bank23.rel                          [ bank23 ]
banks\bank24.rel                          [ bank24 ]
banks\bank25.rel                          [ bank25 ]
banks\bank26.rel                          [ bank26 ]
banks\bank27.rel                          [ bank27 ]
banks\bank28.rel                          [ bank28 ]
banks\bank29.rel                          [ bank29 ]
banks\bank30.rel                          [ bank30 ]
banks\bank31.rel                          [ bank31 ]
banks\bank32.rel                          [ bank32 ]
banks\bank33.rel                          [ bank33 ]
banks\bank34.rel                          [ bank34 ]
banks\bank35.rel                          [ bank35 ]
banks\bank36.rel                          [ bank36 ]
banks\bank37.rel                          [ bank37 ]
banks\bank38.rel                          [ bank38 ]
banks\bank39.rel                          [ bank39 ]
banks\bank40.rel                          [ bank40 ]
banks\bank41.rel                          [ bank41 ]
banks\bank42.rel                          [ bank42 ]
banks\bank43.rel                          [ bank43 ]
banks\bank44.rel                          [ bank44 ]
banks\bank45.rel                          [ bank45 ]
banks\bank46.rel                          [ bank46 ]
banks\bank47.rel                          [ bank47 ]
banks\bank48.rel                          [ bank48 ]
banks\bank49.rel                          [ bank49 ]
banks\bank50.rel                          [ bank50 ]
banks\bank51.rel                          [ bank51 ]
banks\bank52.rel                          [ bank52 ]
banks\bank53.rel                          [ bank53 ]
banks\bank54.rel                          [ bank54 ]
banks\bank55.rel                          [ bank55 ]
banks\bank56.rel                          [ bank56 ]
banks\bank57.rel                          [ bank57 ]
banks\bank58.rel                          [ bank58 ]
banks\bank59.rel                          [ bank59 ]
banks\bank60.rel                          [ bank60 ]
banks\bank61.rel                          [ bank61 ]
banks\bank62.rel                          [ bank62 ]
banks\bank63.rel                          [ bank63 ]
devkit\_sms_manager.rel                   [ _sms_manager ]
devkit\_snd_manager.rel                   [ _snd_manager ]
engine\asm_manager.rel                    [ asm_manager ]
engine\audio_manager.rel                  [ audio_manager ]
engine\content_manager.rel                [ content_manager ]
engine\cursor_manager.rel                 [ cursor_manager ]
engine\enum_manager.rel                   [ enum_manager ]
engine\font_manager.rel                   [ font_manager ]
engine\hack_manager.rel                   [ hack_manager ]
engine\input_manager.rel                  [ input_manager ]
engine\locale_manager.rel                 [ locale_manager ]
engine\record_manager.rel                 [ record_manager ]
engine\riff_manager.rel                   [ riff_manager ]
engine\sample_manager.rel                 [ sample_manager ]
engine\screen_manager.rel                 [ screen_manager ]
engine\scroll_manager.rel                 [ scroll_manager ]
engine\storage_manager.rel                [ storage_manager ]
engine\timer_manager.rel                  [ timer_manager ]
object\cursor_object.rel                  [ cursor_object ]
object\record_object.rel                  [ record_object ]
object\riff_object.rel                    [ riff_object ]
object\scroll_object.rel                  [ scroll_object ]
object\storage_object.rel                 [ storage_object ]
object\timer_object.rel                   [ timer_object ]
screen\none_screen.rel                    [ none_screen ]
screen\splash_screen.rel                  [ splash_screen ]
screen\title_screen.rel                   [ title_screen ]
screen\scroll_screen.rel                  [ scroll_screen ]
screen\select_screen.rel                  [ select_screen ]
screen\record_screen.rel                  [ record_screen ]
screen\test_screen.rel                    [ test_screen ]
gfx.rel                                   [ gfx ]
psg.rel                                   [ psg ]


Libraries Linked                          [ object file ]

C:\Program Files\SDCC\bin\..\lib\z80/z80.lib
                                          [ divunsigned.rel ]
..\lib\SMSlib.lib                         [ SMSlib_UNSAFE.rel ]
..\lib\SMSlib.lib                         [ SMSlib.rel ]
C:\Program Files\SDCC\bin\..\lib\z80/z80.lib
                                          [ modunsigned.rel ]
..\lib\SMSlib.lib                         [ SMSlib_STMcomp.rel ]
C:\Program Files\SDCC\bin\..\lib\z80/z80.lib
                                          [ __sdcc_call_hl.rel ]
..\lib\SMSlib.lib                         [ SMSlib_PSGaiden.rel ]

ASxxxx Linker V03.00 + NoICE + sdld,  page 148.

User Base Address Definitions

_CODE = 0x0200
_DATA = 0xc000
_BANK2=0x8000
_BANK3=0x8000
_BANK4=0x8000
_BANK5=0x8000
_BANK6=0x8000
_BANK7=0x8000
_BANK8=0x8000
_BANK9=0x8000
_BANK10=0x8000
_BANK11=0x8000
_BANK12=0x8000
_BANK13=0x8000
_BANK14=0x8000
_BANK15=0x8000
_BANK16=0x8000
_BANK17=0x8000
_BANK18=0x8000
_BANK19=0x8000
_BANK20=0x8000
_BANK21=0x8000
_BANK22=0x8000
_BANK23=0x8000
_BANK24=0x8000
_BANK25=0x8000
_BANK26=0x8000
_BANK27=0x8000
_BANK28=0x8000
_BANK29=0x8000
_BANK30=0x8000
_BANK31=0x8000
_BANK32=0x8000
_BANK33=0x8000
_BANK34=0x8000
_BANK35=0x8000
_BANK36=0x8000
_BANK37=0x8000
_BANK38=0x8000
_BANK39=0x8000
_BANK40=0x8000
_BANK41=0x8000
_BANK42=0x8000
_BANK43=0x8000
_BANK44=0x8000
_BANK45=0x8000
_BANK46=0x8000
_BANK47=0x8000
_BANK48=0x8000
_BANK49=0x8000
_BANK50=0x8000
_BANK51=0x8000
_BANK52=0x8000
_BANK53=0x8000
_BANK54=0x8000
_BANK55=0x8000
_BANK56=0x8000
_BANK57=0x8000
_BANK58=0x8000
_BANK59=0x8000
_BANK60=0x8000
_BANK61=0x8000
_BANK62=0x8000
_BANK63=0x8000

